// Jest Snapshot v1, https://goo.gl/fbAQLP

exports[`@pismo/bolt-expansion-menu it should display the components correctly 1`] = `
<div>
  <div
    class="MuiPaper-root MuiPaper-elevation1 MuiExpansionPanel-root ExpansionMenu"
  >
    <div
      aria-disabled="false"
      aria-expanded="false"
      class="MuiButtonBase-root MuiExpansionPanelSummary-root ExpansionMenu-summary"
      role="button"
      tabindex="0"
    >
      <div
        class="MuiExpansionPanelSummary-content"
      >
        <div>
          Languages =&gt; 
          Português
        </div>
      </div>
      <div
        aria-disabled="false"
        aria-hidden="true"
        class="MuiButtonBase-root MuiIconButton-root MuiExpansionPanelSummary-expandIcon MuiIconButton-edgeEnd"
      >
        <span
          class="MuiIconButton-label"
        >
          <svg
            aria-hidden="true"
            class="MuiSvgIcon-root ExpansionMenu-expandMoreIcon"
            focusable="false"
            role="presentation"
            viewBox="0 0 24 24"
          >
            <path
              d="M16.59 8.59L12 13.17 7.41 8.59 6 10l6 6 6-6z"
            />
          </svg>
        </span>
        <span
          class="MuiTouchRipple-root"
        />
      </div>
    </div>
    <div
      class="MuiCollapse-container MuiCollapse-hidden"
      style="min-height: 0px;"
    >
      <div
        class="MuiCollapse-wrapper"
      >
        <div
          class="MuiCollapse-wrapperInner"
        >
          <div
            role="region"
          >
            <div
              class="MuiExpansionPanelDetails-root"
            >
              <li
                aria-disabled="false"
                class="MuiButtonBase-root MuiListItem-root MuiMenuItem-root MuiMenuItem-gutters MuiListItem-gutters MuiListItem-button"
                role="menuitem"
                tabindex="-1"
              >
                <div
                  data-testid="Português"
                >
                  Português
                </div>
                <span
                  class="MuiTouchRipple-root"
                />
              </li>
              <li
                aria-disabled="false"
                class="MuiButtonBase-root MuiListItem-root MuiMenuItem-root MuiMenuItem-gutters MuiListItem-gutters MuiListItem-button"
                role="menuitem"
                tabindex="-1"
              >
                <div
                  data-testid="Inglês"
                >
                  Inglês
                </div>
                <span
                  class="MuiTouchRipple-root"
                />
              </li>
              <li
                aria-disabled="false"
                class="MuiButtonBase-root MuiListItem-root MuiMenuItem-root MuiMenuItem-gutters MuiListItem-gutters MuiListItem-button"
                role="menuitem"
                tabindex="-1"
              >
                <div
                  data-testid="Espanhol"
                >
                  Espanhol
                </div>
                <span
                  class="MuiTouchRipple-root"
                />
              </li>
            </div>
          </div>
        </div>
      </div>
    </div>
  </div>
</div>
`;
