// Jest Snapshot v1, https://goo.gl/fbAQLP

exports[`@pismo/bolt-can if the user has the permissions should display the components 1`] = `
<div>
  permitido
</div>
`;
